timeout: failed to run command ‘./My_Alarm’: No such file or directory
